// Jest Snapshot v1, https://goo.gl/fbAQLP

exports[`AddUserForm Component Should render AddUserForm component 1`] = `
Array [
  <form
    className="avatar-form"
    data-testid="addAvatar"
  >
    <figure
      className="avatar-form__preview"
    >
      <img
        alt="Avatar"
        className="avatar-form__preview__img"
        src="https://res.cloudinary.com/alexisaraujoapp1/image/upload/v1590279706/alexisapp/ou8drr0g7poddnoqprmb.jpg"
      />
    </figure>
    <div
      className="input"
    >
      <label
        className="input__label"
      >
        Profile Image
        <input
          className="input__field--img"
          onChange={[Function]}
          type="file"
        />
      </label>
      
    </div>
  </form>,
  <form
    action="#"
    className="user-add-form"
    data-testid="add-form"
    onReset={[Function]}
    onSubmit={[Function]}
  >
    <section
      className="user-add-form__section"
    >
      <div
        className="input"
      >
        <label
          className="input__label"
        >
          Type
          <select
            className="input__field"
            disabled={false}
            name="typeOfUser"
            onBlur={[Function]}
            onChange={[Function]}
            value="Patient"
          >
            <option
              disabled="disabled"
            >
              Choose a type
            </option>
            <option
              value="Patient"
            >
              Patient
            </option>
            <option
              value="Doctor"
            >
              Doctor
            </option>
            <option
              value="Bacteriologist"
            >
              Bacteriologist
            </option>
            <option
              value="Administrator"
            >
              Administrator
            </option>
          </select>
        </label>
      </div>
    </section>
    <h2
      className="user-add-form__title"
    >
      User Information
    </h2>
    <section
      className="user-add-form__section"
    >
      <div
        className="input"
      >
        <label
          className="input__label"
        >
          First Name
          <input
            className="input__field"
            disabled={false}
            name="firstName"
            onBlur={[Function]}
            onChange={[Function]}
            type="text"
            value=""
          />
        </label>
      </div>
      <div
        className="input"
      >
        <label
          className="input__label"
        >
          Last Name
          <input
            className="input__field"
            disabled={false}
            name="lastName"
            onBlur={[Function]}
            onChange={[Function]}
            type="text"
            value=""
          />
        </label>
      </div>
      <div
        className="input"
      >
        <label
          className="input__label"
        >
          Document ID
          <input
            className="input__field"
            disabled={false}
            name="documentID"
            onBlur={[Function]}
            onChange={[Function]}
            type="number"
            value=""
          />
        </label>
      </div>
    </section>
    <h2
      className="user-add-form__title"
    >
      Contact
    </h2>
    <section
      className="user-add-form__section"
    >
      <div
        className="input"
      >
        <label
          className="input__label"
        >
          email
          <input
            className="input__field"
            disabled={false}
            name="email"
            onBlur={[Function]}
            onChange={[Function]}
            type="email"
            value=""
          />
        </label>
      </div>
      <div
        className="input"
      >
        <label
          className="input__label"
        >
          Phone Number
          <input
            className="input__field"
            disabled={false}
            name="contactNumber"
            onBlur={[Function]}
            onChange={[Function]}
            type="number"
            value=""
          />
        </label>
      </div>
    </section>
    <button
      className="btn"
      data-testid="button-submit"
      disabled={false}
      type="submit"
    >
      Add User
    </button>
    
  </form>,
]
`;
