// Jest Snapshot v1, https://goo.gl/fbAQLP

exports[`AddUsersForm Component Should render AddUsersForm component 1`] = `
<form
  className="add-users-form"
>
  <h3
    className="add-users-form__title"
  >
    Upload a .csv file with users data
  </h3>
  <div
    className="input"
  >
    <label
      className="input__label"
    >
      Users Data File
      <input
        className="input__field--img"
        onChange={[Function]}
        type="file"
      />
    </label>
    
  </div>
  <button
    className="btn--disabled"
    onClick={[Function]}
    type="button"
  >
    Add Users
  </button>
</form>
`;
