// Jest Snapshot v1, https://goo.gl/fbAQLP

exports[`UserEdit Component Should Snapshot UserEdit component 1`] = `
<div
  className="user-edit"
  data-testid="user-edit"
>
  <div
    className="user-edit__title"
  >
    <div
      className="user-edit__title__icon"
    />
    <h2
      className="user-edit__title__text"
    >
      Edit User
    </h2>
  </div>
  <form
    action="#"
    className="user-edit__form"
    onReset={[Function]}
    onSubmit={[Function]}
  >
    <div
      className="user-edit__form__input input lg"
    >
      <strong
        className="user-edit__form__input__text input__label"
      >
        Profile Image
      </strong>
      <input
        className="user-edit__form__input__field input__field lg"
        name="profileImage"
        onBlur={[Function]}
        onChange={[Function]}
        type="profileImage"
        value=""
      />
    </div>
    <div
      className="user-edit__form__input input lg"
    >
      <strong
        className="user-edit__form__input__text input__label"
      >
        Email
      </strong>
      <input
        className="user-edit__form__input__field input__field lg"
        name="email"
        onBlur={[Function]}
        onChange={[Function]}
        type="email"
        value=""
      />
    </div>
    <div
      className="user-edit__form__input input lg"
    >
      <strong
        className="user-edit__form__input__text input__label"
      >
        Phone Number
      </strong>
      <input
        className="user-edit__form__input__field input__field lg"
        name="phoneNumber"
        onBlur={[Function]}
        onChange={[Function]}
        type="phoneNumber"
        value=""
      />
    </div>
    <button
      className="user-edit__form__button btn lg"
      disabled={false}
      type="submit"
    >
      Update user
    </button>
  </form>
</div>
`;
